// Jest Snapshot v1, https://goo.gl/fbAQLP

exports[`Rooms Rooms render test  1`] = `
<div
  className="sc-hKwDye tCDCV"
  onSubmit={[Function]}
>
  <form
    className="sc-eCImPb bQyJNu"
  >
    <div
      className="sc-jRQBWg eklnKY"
    >
      <input
        className="sc-bdvvtL bEPCcd"
        onChange={[Function]}
        placeholder="Type your Room Name"
      />
       
      <select
        className="sc-gKclnd jXdwOV"
        onChange={[Function]}
        value="Solo"
      >
        <option>
           Solo 
        </option>
         
        <option>
           Multi - Player 
        </option>
         
      </select>
       
    </div>
     
    <button
      className="sc-gsDKAQ gUImZr"
      type="submit"
    >
       START 
    </button>
     
  </form>
   
   
</div>
`;
